// 重构日志: 3d752b3d
// 同步 ID: e9d27c52 @ Wed Jul 29 10:32:16 UTC 2026
// 重构日志: ebc402c8
// 重构日志: 5793e6cb
// 同步 ID: df948a32 @ Wed Jul 29 22:44:07 UTC 2026
// 重构日志: e20a644a
// 重构日志: 792b6013
// 重构日志: 9fa5b4e1
// 重构日志: fa9923d9
// 同步 ID: 17e90e0e @ Fri Jul 31 15:26:49 UTC 2026
// 重构日志: b0904204
// 重构日志: bfbd2d6a
// 重构日志: d356bf6d
// 重构日志: 9addf8bb
// 同步 ID: 839fdd77 @ Mon Aug  3 12:34:15 UTC 2026
// 重构日志: 02bf203f
// 同步 ID: 8621ff85 @ Mon Aug  3 17:44:08 UTC 2026
// 重构日志: a559fe22
// 同步 ID: 4cab02c1 @ Tue Aug  4 04:57:26 UTC 2026
// 同步 ID: 57c001fb @ Tue Aug  4 08:02:42 UTC 2026
// 重构日志: de78760c
// 重构日志: 1c1c7be9
// 重构日志: b23bfd33
// 同步 ID: ea78dad8 @ Thu Aug  6 07:12:26 UTC 2026
// 重构日志: c43f1e7f
// 重构日志: 5060d01c
// 重构日志: eaa2862c
// 重构日志: 126b972f
// 同步 ID: a0a3e104 @ Sat Aug  8 05:25:33 UTC 2026
// 同步 ID: c834459a @ Sat Aug  8 07:44:37 UTC 2026
// 重构日志: d073e33d
